lcd_driver.c:68:6:lcd_init	24	static
lcd_driver.c:100:6:lcd_clear	8	static
lcd_driver.c:107:6:lcd_cursor_home	8	static
lcd_driver.c:115:6:lcd_cursor_set	24	static
lcd_driver.c:134:6:lcd_cursor_show	8	static
lcd_driver.c:141:6:lcd_cursor_hide	8	static
lcd_driver.c:148:6:lcd_printf	96	static
lcd_driver.c:171:13:lcd_print_string	24	static
lcd_driver.c:185:13:lcd_write_instruction	16	static
lcd_driver.c:208:13:lcd_write_char	16	static
lcd_driver.c:233:13:lcd_instr_clear	16	static
lcd_driver.c:247:13:lcd_instr_return_home	16	static
lcd_driver.c:262:13:lcd_instr_entry_mode_set	24	static
lcd_driver.c:283:13:lcd_instr_display_on_off	32	static
lcd_driver.c:304:13:lcd_instr_cursor_display_shift	24	static
lcd_driver.c:324:13:lcd_instr_function_set	32	static
